
All Genres Loaded into Table
                                                  
From Table: Rock                                                                
From Table: Jazz                                                                
From Table: Metal                                                               
From Table: Alternative & Punk                                                  
From Table: Rock And Roll                                                       
From Table: Blues                                                               
From Table: Latin                                                               
From Table: Reggae                                                              
From Table: Pop                                                                 
From Table: Soundtrack                                                          
From Table: Bossa Nova                                                          
From Table: Easy Listening                                                      
From Table: Heavy Metal                                                         
From Table: R&B/Soul                                                            
From Table: Electronica/Dance                                                   
From Table: World                                                               
From Table: Hip Hop/Rap                                                         
From Table: Science Fiction                                                     
From Table: TV Shows                                                            
From Table: Sci Fi & Fantasy                                                    
From Table: Drama                                                               
From Table: Comedy                                                              
From Table: Alternative                                                         
From Table: Classical                                                           
From Table: Opera                                                               
From Table: NewGenreIsHere                                                      
From Table: SpaceJam                                                            

PL/SQL procedure successfully completed.

